// Jest Snapshot v1, https://goo.gl/fbAQLP

exports[`AppHeader tests snapshot test 1`] = `
<h1
  className="appHeader"
  data-testid="app-header"
>
  TO DO
</h1>
`;
