// Jest Snapshot v1, https://goo.gl/fbAQLP

exports[`Counter tests snapshot test 1`] = `
<div
  className="counter"
  data-testid="counter"
>
  1
   items left
</div>
`;
